============================= test session starts =============================
platform win32 -- Python 3.11.3, pytest-7.4.2, pluggy-1.0.0 -- C:\Python311\python.exe
cachedir: .pytest_cache
benchmark: 4.0.0 (defaults: timer=time.perf_counter disable_gc=False min_rounds=5 min_time=0.000005 max_time=1.0 calibration_precision=10 warmup=False warmup_iterations=100000)
rootdir: C:\Users\Zenchant\catwalk\catwalk-live\backend
configfile: pytest.ini
plugins: langsmith-0.3.13, anyio-3.6.2, asyncio-0.21.0, benchmark-4.0.0, cov-4.0.0, integration-0.2.3, mock-3.10.0, recording-0.12.2
asyncio: mode=Mode.AUTO
collecting ... collected 0 items / 1 error

=================================== ERRORS ====================================
________________ ERROR collecting tests/test_registry_forms.py ________________
ImportError while importing test module 'C:\Users\Zenchant\catwalk\catwalk-live\backend\tests\test_registry_forms.py'.
Hint: make sure your test modules/packages have valid Python names.
Traceback:
..\..\AppData\Roaming\Python\Python311\site-packages\_pytest\python.py:617: in _importtestmodule
    mod = import_path(self.path, mode=importmode, root=self.config.rootpath)
..\..\AppData\Roaming\Python\Python311\site-packages\_pytest\pathlib.py:567: in import_path
    importlib.import_module(module_name)
C:\Python311\Lib\importlib\__init__.py:126: in import_module
    return _bootstrap._gcd_import(name[level:], package, level)
<frozen importlib._bootstrap>:1206: in _gcd_import
    ???
<frozen importlib._bootstrap>:1178: in _find_and_load
    ???
<frozen importlib._bootstrap>:1149: in _find_and_load_unlocked
    ???
<frozen importlib._bootstrap>:690: in _load_unlocked
    ???
..\..\AppData\Roaming\Python\Python311\site-packages\_pytest\assertion\rewrite.py:178: in exec_module
    exec(co, module.__dict__)
backend\tests\test_registry_forms.py:4: in <module>
    from fastapi import HTTPException
C:\Python311\Lib\site-packages\fastapi\__init__.py:7: in <module>
    from .applications import FastAPI as FastAPI
C:\Python311\Lib\site-packages\fastapi\applications.py:16: in <module>
    from fastapi import routing
C:\Python311\Lib\site-packages\fastapi\routing.py:22: in <module>
    from fastapi import params
C:\Python311\Lib\site-packages\fastapi\params.py:4: in <module>
    from pydantic.fields import FieldInfo, Undefined
E   ImportError: cannot import name 'Undefined' from 'pydantic.fields' (C:\Python311\Lib\site-packages\pydantic\fields.py)
=========================== short test summary info ===========================
ERROR backend\tests\test_registry_forms.py
!!!!!!!!!!!!!!!!!!! Interrupted: 1 error during collection !!!!!!!!!!!!!!!!!!!!
============================== 1 error in 0.88s ===============================
